// Jest Snapshot v1, https://goo.gl/fbAQLP

exports[`renders correctly 1`] = `
<div
  className="footer"
>
  Valkyries - 2017
</div>
`;
