// Jest Snapshot v1, https://goo.gl/fbAQLP

exports[`renders correctly 1`] = `
<nav
  className="login"
>
  <h2>
    Valkyrie!
  </h2>
  <p>
    Sign in to use yourApp tool!
  </p>
  <div>
    <googleLogin
      buttonText="Log In with Google"
      className="google"
      clientId="576488167011-22sf5nn422hp65mq81aj93h0hfaqb1vu.apps.googleusercontent.com"
      onFailure={[Function]}
      onSuccess={[Function]}
      scope="https://www.googleapis.com/auth/calendar.readonly profile"
    />
  </div>
  <p
    className="footnote"
  >
    All rights reserved (R)
  </p>
</nav>
`;
